08:13:25 200
08:13:25 200
08:13:26 200
08:13:27 200
08:13:27 200
08:13:28 200
08:13:30 200
08:13:31 200
08:13:31 200
08:13:32 200
08:13:32 200
08:13:33 200
08:13:34 200
08:13:34 200
08:13:35 200
08:13:35 200
08:13:36 200
08:13:37 200
08:13:37 200
08:13:38 200
08:13:38 200
08:13:39 200
08:13:40 200
08:13:40 200
08:13:42 200
08:13:43 200
08:13:43 200
08:13:44 200
08:13:44 200
08:13:45 200
08:13:46 200
08:13:46 200
08:13:47 200
08:13:47 200
08:13:48 200
08:13:49 200
08:13:49 200
08:13:50 200
08:13:50 200
08:13:51 200
08:13:52 200
08:13:52 200
08:13:54 200
08:13:55 200
08:13:55 200
08:13:56 200
08:13:57 200
08:13:57 200
08:13:58 200
08:13:58 200
08:13:59 200
08:14:00 200
08:14:00 200
08:14:01 200
08:14:02 200
08:14:02 200
08:14:03 200
08:14:03 200
08:14:04 200
08:14:06 200
08:14:07 200
08:14:07 200
08:14:08 200
08:14:09 200
08:14:09 200
08:14:10 200
08:14:10 200
08:14:11 200
08:14:12 200
08:14:12 200
08:14:13 200
08:14:13 200
08:14:14 200
08:14:15 200
08:14:15 200
08:14:16 200
08:14:18 200
08:14:19 200
08:14:19 200
08:14:20 200
08:14:21 200
08:14:21 200
08:14:22 200
08:14:22 200
08:14:23 200
08:14:24 200
08:14:24 200
08:14:25 200
08:14:25 200
08:14:26 200
08:14:27 200
08:14:27 200
08:14:28 200
08:14:29 200
08:14:30 200
08:14:30 200
08:14:31 200
08:14:31 200
08:14:32 200
08:14:33 200
08:14:33 200
08:14:34 200
08:14:34 200
08:14:35 200
08:14:36 200
08:14:36 200
08:14:37 200
08:14:37 200
08:14:38 200
08:14:39 200
08:14:39 200
08:14:40 200
08:14:41 200
08:14:41 200
08:14:42 200
08:14:43 200
08:14:43 200
08:14:44 200
08:14:44 200
08:14:45 200
08:14:46 200
08:14:46 200
08:14:47 200
08:14:47 200
08:14:48 200
08:14:49 200
08:14:49 200
08:14:50 200
08:14:51 200
08:14:51 200
08:14:52 200
08:14:53 200
08:14:54 200
08:14:55 200
08:14:56 200
08:14:56 200
08:14:57 200
08:14:57 200
08:14:58 200
08:14:59 200
08:14:59 200
08:15:00 200
08:15:00 200
08:15:01 200
08:15:02 200
08:15:02 200
08:15:03 200
08:15:04 200
08:15:04 200
08:15:05 200
08:15:06 200
08:15:07 200
08:15:07 200
08:15:08 200
08:15:09 200
08:15:09 200
08:15:10 200
08:15:10 200
08:15:11 200
08:15:12 200
08:15:12 200
08:15:13 200
08:15:14 200
08:15:14 200
08:15:15 200
08:15:15 200
08:15:16 200
08:15:17 200
08:15:17 200
08:15:18 200
08:15:19 200
08:15:19 200
08:15:20 200
08:15:20 200
08:15:21 200
08:15:22 200
08:15:22 200
08:15:23 200
08:15:23 200
08:15:24 200
08:15:25 200
08:15:25 200
08:15:26 200
08:15:26 200
08:15:27 200
08:15:28 200
08:15:28 200
08:15:29 200
08:15:29 200
08:15:30 200
08:15:31 200
08:15:32 200
08:15:32 200
08:15:33 200
08:15:33 200
08:15:34 200
08:15:35 200
08:15:35 200
08:15:36 200
08:15:36 200
08:15:37 200
08:15:38 200
08:15:38 200
08:15:39 200
08:15:40 200
08:15:40 200
08:15:41 200
08:15:41 200
08:15:42 200
08:15:43 200
08:15:43 200
08:15:44 200
08:15:44 200
08:15:45 200
08:15:46 200
08:15:46 200
08:15:47 200
08:15:47 200
08:15:48 200
08:15:49 200
08:15:49 200
08:15:50 200
08:15:50 200
08:15:51 200
08:15:52 200
08:15:52 200
08:15:53 200
08:15:53 200
08:15:54 200
08:15:55 200
08:15:55 200
08:15:56 200
08:15:56 200
08:15:57 200
08:15:58 200
08:15:58 200
08:15:59 200
08:15:59 200
08:16:00 200
08:16:01 200
08:16:01 200
08:16:02 200
08:16:02 200
08:16:03 200
08:16:04 200
08:16:04 200
08:16:06 200
08:16:07 200
08:16:08 200
08:16:08 200
08:16:09 200
08:16:10 200
08:16:10 200
08:16:11 200
08:16:11 200
08:16:12 200
08:16:13 200
08:16:13 200
08:16:14 200
08:16:14 200
08:16:15 200
08:16:16 200
08:16:16 200
08:16:18 200
08:16:19 200
08:16:19 200
08:16:20 200
08:16:20 200
08:16:21 200
08:16:22 200
08:16:22 200
08:16:23 200
08:16:23 200
08:16:24 200
08:16:25 200
08:16:25 200
08:16:26 200
08:16:26 200
08:16:27 200
08:16:28 200
08:16:28 200
08:16:30 200
08:16:31 200
08:16:32 200
08:16:32 200
08:16:33 200
08:16:33 200
08:16:34 200
08:16:35 200
08:16:35 200
08:16:36 200
08:16:37 200
08:16:37 200
08:16:38 200
08:16:38 200
08:16:39 200
08:16:40 200
08:16:40 200
08:16:41 200
08:16:41 200
08:16:42 200
08:16:43 200
08:16:43 200
08:16:44 200
08:16:44 200
08:16:45 200
08:16:46 200
08:16:46 200
08:16:47 200
08:16:47 200
08:16:48 200
08:16:49 200
08:16:49 200
08:16:50 200
08:16:50 200
08:16:51 200
08:16:52 200
08:16:52 200
08:16:53 200
08:16:54 200
08:16:54 200
08:16:55 200
08:16:55 200
08:16:56 200
08:16:57 200
08:16:57 200
08:16:58 200
08:16:58 200
08:16:59 200
08:17:00 200
08:17:00 200
08:17:01 200
08:17:01 200
08:17:02 200
08:17:03 200
08:17:03 200
08:17:04 200
08:17:04 200
08:17:05 200
08:17:06 200
08:17:06 200
08:17:07 200
08:17:07 200
08:17:08 200
08:17:09 200
08:17:09 200
08:17:10 200
08:17:10 200
08:17:11 200
08:17:12 200
08:17:12 200
08:17:13 200
08:17:13 200
08:17:14 200
08:17:15 200
08:17:15 200
08:17:16 200
08:17:16 200
08:17:18 200
08:17:19 200
08:17:19 200
08:17:20 200
